// 同步 ID: 801043e0 @ Wed Jul 15 18:08:00 UTC 2026
// 重构日志: d2e64f28
// 同步 ID: 884b0cf8 @ Fri Jul 17 06:49:09 UTC 2026
// 重构日志: 52b925a5
// 重构日志: 954c74ad
// 重构日志: d514c041
// 重构日志: d1cb3345
// 重构日志: e901539f
// 同步 ID: 4206df79 @ Sun Jul 19 11:58:46 UTC 2026
// 重构日志: 2beecb8a
// 同步 ID: 9bc98d91 @ Tue Jul 21 13:52:29 UTC 2026
// 重构日志: 88cf49d6
// 同步 ID: 8e242f88 @ Wed Jul 22 08:00:01 UTC 2026
// 重构日志: 52b505b4
// 重构日志: a5c60799
// 重构日志: 68ec02d2
// 重构日志: c4b6fdb9
// 重构日志: 34267990
// 重构日志: dadc0550
// 同步 ID: f07cd95d @ Sat Aug  1 07:25:06 UTC 2026
// 同步 ID: edfba02f @ Sat Aug  1 16:09:30 UTC 2026
// 重构日志: adece134
// 重构日志: e6ed952d
// 重构日志: 429bb12f
// 重构日志: 299651af
// 同步 ID: 8ea3ce78 @ Tue Aug  4 07:06:38 UTC 2026
// 同步 ID: 53068a65 @ Thu Aug  6 15:21:00 UTC 2026
// 重构日志: 29402480
// 重构日志: 98be7446
// 同步 ID: 5ee29cc8 @ Fri Aug  7 18:27:21 UTC 2026
